// Bun Snapshot v1, https://goo.gl/fbAQLP

exports[`null.ts 1`] = `undefined`;

exports[`null.ts 2`] = `undefined`;

exports[`null222.ts 1`] = `undefined`;

exports[`null222.ts 2`] = `undefined`;
